// Jest Snapshot v1, https://goo.gl/fbAQLP

exports[`Header component should match snapshot 1`] = `
<header
  className="MuiPaper-root MuiAppBar-root MuiAppBar-positionSticky MuiAppBar-colorPrimary MuiPaper-elevation4"
>
  <div
    className="MuiToolbar-root MuiToolbar-regular makeStyles-root-1 MuiToolbar-gutters"
  >
    <div
      className="makeStyles-flex1-3"
    />
    <h1
      className="MuiTypography-root makeStyles-fontStyles-2 MuiTypography-body1 MuiTypography-colorTextPrimary MuiTypography-alignCenter"
    >
      Home
    </h1>
    <div
      className="makeStyles-iconWrapper-4"
    >
      <button
        className="MuiButtonBase-root MuiIconButton-root makeStyles-marginLeftAuto-5 MuiIconButton-edgeEnd"
        disabled={false}
        onBlur={[Function]}
        onClick={[Function]}
        onDragLeave={[Function]}
        onFocus={[Function]}
        onKeyDown={[Function]}
        onKeyUp={[Function]}
        onMouseDown={[Function]}
        onMouseLeave={[Function]}
        onMouseUp={[Function]}
        onTouchEnd={[Function]}
        onTouchMove={[Function]}
        onTouchStart={[Function]}
        tabIndex={0}
        type="button"
      >
        <span
          className="MuiIconButton-label"
        >
          <svg
            aria-hidden={true}
            className="MuiSvgIcon-root"
            focusable="false"
            viewBox="0 0 24 24"
          >
            <path
              d="M10.09 15.59L11.5 17l5-5-5-5-1.41 1.41L12.67 11H3v2h9.67l-2.58 2.59zM19 3H5c-1.11 0-2 .9-2 2v4h2V5h14v14H5v-4H3v4c0 1.1.89 2 2 2h14c1.1 0 2-.9 2-2V5c0-1.1-.9-2-2-2z"
            />
          </svg>
        </span>
      </button>
    </div>
  </div>
</header>
`;
